---
source: crates/tinymist-query/src/symbol.rs
expression: "JsonRepr::new_redacted(result, &REDACT_LOC)"
input_file: crates/tinymist-query/src/fixtures/symbols/with_comment.typ
---
[
 {
  "kind": 13,
  "name": "x"
 }
]
